%!Adobe-FontList 1.24
%Locale:0x409

%BeginFont
Handler:DirectoryHandler
FontType:Invalid
OutlineFileName:/Users/agencechamyca/Dropbox/_Agence_CHAMYCA/Agence_CHAMYCA/CLIENTS/OnlyYouCoaching/DIGITAL_COM/Dossier Rollup-OnlyYouCoaching/Document fonts/AdobeFnt24.lst
FileLength:1973
FileModTime:769984058
%EndFont

%BeginFont
Handler:DirectoryHandler
FontType:TrueType
FontName:LibreBaskerville-Bold
FamilyName:Libre Baskerville
StyleName:Bold
MenuName:Libre Baskerville
StyleBits:2
WeightClass:700
WidthClass:5
AngleClass:0
FullName:Libre Baskerville Bold
WritingScript:Roman
OutlineFileName:/Users/agencechamyca/Dropbox/_Agence_CHAMYCA/Agence_CHAMYCA/CLIENTS/OnlyYouCoaching/DIGITAL_COM/Dossier Rollup-OnlyYouCoaching/Document fonts/LibreBaskerville-Bold.ttf
DataFormat:sfntData
hasSVG:no
hasSBIX:no
hasCOLR:no
VariableFontType:NonVariableFont
FileLength:155428
FileModTime:747184280
NameArray:0,Win,1,Libre Baskerville
%EndFont

%BeginFont
Handler:DirectoryHandler
FontType:Type1
FontName:MinionPro-Regular
FamilyName:Minion Pro
StyleName:Regular
MenuName:Minion Pro
StyleBits:0
WeightClass:400
WidthClass:5
AngleClass:0
FullName:Minion Pro
WritingScript:Roman
OutlineFileName:/Users/agencechamyca/Dropbox/_Agence_CHAMYCA/Agence_CHAMYCA/CLIENTS/OnlyYouCoaching/DIGITAL_COM/Dossier Rollup-OnlyYouCoaching/Document fonts/MinionPro-Regular.otf
DataFormat:sfntData
UsesStandardEncoding:yes
isCFF:yes
hasSVG:no
hasSBIX:no
hasCOLR:no
VariableFontType:NonVariableFont
FileLength:218640
FileModTime:767974161
DesignSize:110
NameArray:0,Mac,4,Minion Pro
NameArray:0,Win,1,Minion Pro
%EndFont

%BeginFont
Handler:DirectoryHandler
FontType:TrueType
FontName:Montserrat-Thin
FamilyName:Montserrat
StyleName:Thin
MenuName:Montserrat Thin
FamilyPrefix:MontserratRoman
StyleBits:0
WeightClass:100
WidthClass:5
AngleClass:0
FullName:Montserrat Thin
WritingScript:Roman
OutlineFileName:/Users/agencechamyca/Dropbox/_Agence_CHAMYCA/Agence_CHAMYCA/CLIENTS/OnlyYouCoaching/DIGITAL_COM/Dossier Rollup-OnlyYouCoaching/Document fonts/Montserrat-VariableFont_wght.ttf
DataFormat:sfntData
hasSVG:no
hasSBIX:no
hasCOLR:no
VariableFontType:TrueTypeVariableFont
FileLength:394140
FileModTime:716423238
NameArray:0,Win,1,Montserrat Thin
NameArray:0,Win,16,Montserrat
%EndFont

